
> argentinian-buhurt-api@1.0.0 dev
> nodemon src/index.js

[33m[nodemon] 3.1.14[39m
[33m[nodemon] to restart at any time, enter `rs`[39m
[33m[nodemon] watching path(s): *.*[39m
[33m[nodemon] watching extensions: js,mjs,cjs,json[39m
[32m[nodemon] starting `node src/index.js`[39m
Tablas creadas correctamente
node:events:492
      throw er; // Unhandled 'error' ev[31m[nodemon] app crashed - waiting for file changes before starting...[39m
at Server.setupListenHandle [as _listen2] (node:net:1751:16)
    at listenInCluster (node:net:1799:12)
    at Server.listen (node:net:1887:7)
    at Function.listen (C:\Users\NB121\Documents\MigracionPc\ArgentinianBuhurtApp\ArgentinianBuhurtApp\argentinian-buhurt-api\node_modules\express\lib\application.js:635:24)
    at C:\Users\NB121\Documents\MigracionPc\ArgentinianBuhurtApp\ArgentinianBuhurtApp\argentinian-buhurt-api\src\index.js:74:9
Emitted 'error' event on Server instance at:
    at emitErrorNT (node:net:1778:8)
    at process.processTicksAndRejections (node:internal/process/task_queues:82:21) {
  code: 'EADDRINUSE',
  errno: -4091,
  syscall: 'listen',
  address: '::',
  port: 3001
}

Node.js v18.17.0
[31m[nodemon] app crashed - waiting for file changes before starting...[39m
